// Jest Snapshot v1, https://goo.gl/fbAQLP

exports[`lg-input input-snapshot 1`] = `
<input
  type="text"
/>
`;
